// Jest Snapshot v1, https://goo.gl/fbAQLP

exports[`<Card /> component matches snapshot 1`] = `
<div
  className="single-card card-back "
  onClick={[Function]}
>
  
</div>
`;
