// Jest Snapshot v1, https://goo.gl/fbAQLP

exports[`<Card /> component matches snapshot 1`] = `
<img
  alt=""
  className="image"
/>
`;
